// Jest Snapshot v1, https://goo.gl/fbAQLP

exports[`MovieOperation Snapshot Test Suit renders correctly 1`] = `
<DocumentFragment>
  <div
    class="movie-add"
    id="movie-add"
  >
    <form
      action="#"
      id="movie-form"
    >
      <div
        class="movie-preview-context-menu-close"
      >
        X
      </div>
      <div>
        <h1>
          Add Movie
        </h1>
      </div>
      <div>
        <div>
          <label
            class="uppercase-label"
          >
            Title
          </label>
          <input
            class="wide-input"
            name="title"
            type="text"
            value=""
          />
        </div>
        <div>
          <label
            class="uppercase-label"
          >
            Release Date
          </label>
          <input
            class="tight-input"
            name="release_date"
            type="date"
            value=""
          />
        </div>
      </div>
      <div>
        <div>
          <label
            class="uppercase-label"
          >
            Movie URL
          </label>
          <input
            class="wide-input"
            name="poster_path"
            placeholder="http://testhos.com/poster.jpg"
            type="url"
            value=""
          />
        </div>
        <div>
          <label
            class="uppercase-label"
          >
            Rating
          </label>
          <input
            class="tight-input"
            name="vote_average"
            placeholder="7.8"
            type="number"
            value="0"
          />
        </div>
      </div>
      <div>
        <div>
          <label
            class="uppercase-label"
          >
            Genres
          </label>
          <input
            class="wide-input"
            name="genreList"
            type="text"
            value=""
          />
        </div>
        <div>
          <label
            class="uppercase-label"
          >
            Runtime
          </label>
          <input
            class="tight-input"
            name="runtime"
            placeholder="120"
            type="number"
            value="0"
          />
        </div>
      </div>
      <div>
        <div>
          <label
            class="uppercase-label"
          >
            Overview
          </label>
          <textarea
            class="text-box-input"
            cols="40"
            name="overview"
            rows="5"
            type="text"
          />
        </div>
      </div>
      <div>
        <input
          class="reset-button"
          type="reset"
          value="Reset"
        />
        <input
          class="submit-button"
          type="submit"
          value="Submit"
        />
      </div>
    </form>
  </div>
</DocumentFragment>
`;
